// Jest Snapshot v1, https://goo.gl/fbAQLP

exports[`Contact Component Should render as expected 1`] = `
<div>
  <h3>
    Contact Us
  </h3>
  <br />
  <div>
    <ContactChild />
  </div>
  <br />
  <div>
    <button
      className="btn btn-primary"
      onClick={[Function]}
    >
      (Un)Mount Child Component
    </button>
  </div>
</div>
`;
