// Jest Snapshot v1, https://goo.gl/fbAQLP

exports[`Feature Component Should render as expected 1`] = `
<div
  className="container"
  style={
    Object {
      "display": "inline",
      "float": "left",
      "maxWidth": "350px",
    }
  }
>
  <div
    index={1}
    style={
      Object {
        "MozBoxShadow": "5px 5px 7px #212121",
        "MozTransition": "-moz-transform 0.15s linear",
        "OTransition": "-o-transform 0.15s linear",
        "WebkitBoxShadow": "5px 5px 7px rgba(33, 33, 33, 0.7)",
        "WebkitTransition": "-webkit-transform 0.15s linear",
        "backgroundColor": "aliceblue",
        "boxShadow": "5px 5px 7px rgba(33, 33, 33, 0.7)",
        "color": "#999",
        "display": "block",
        "height": "120px",
        "overflow": "auto",
        "padding": "1em",
        "textDecoration": "none",
        "width": "260px",
      }
    }
  >
    newww text
  </div>
  <div
    className="btn-group"
    style={
      Object {
        "paddingLeft": "25px",
        "paddingTop": "5px",
      }
    }
  >
    <button
      className="btn btn-primary"
      id="editBtn"
      onClick={[Function]}
    >
      Edit
    </button>
    <button
      className="btn btn-danger"
      onClick={[Function]}
    >
      Delete
    </button>
  </div>
  <br />
  <br />
  <br />
</div>
`;
